../Core/Src/main.c:379:5:main	32	static
../Core/Src/main.c:527:6:SystemClock_Config	72	static
../Core/Src/main.c:567:13:MX_SPI1_Init	8	static
../Core/Src/main.c:605:13:MX_TIM1_Init	96	static
../Core/Src/main.c:680:13:MX_TIM2_Init	64	static
../Core/Src/main.c:739:13:MX_GPIO_Init	40	static
../Core/Src/main.c:814:6:checkSensor	24	static
../Core/Src/main.c:824:6:HC595write	24	static
../Core/Src/main.c:844:6:EXTI1_IRQHandler	8	static
../Core/Src/main.c:859:6:openServo	4	static
../Core/Src/main.c:865:6:closeServo	4	static
../Core/Src/main.c:875:6:Error_Handler	4	static,ignoring_inline_asm
